Running Processes:
Process ID:442
Process Name:distnoted
User name:_coreaudiod
---------------------------------------------
Process ID:455
Process Name:distnoted
User name:_windowserver
---------------------------------------------
Process ID:461
Process Name:distnoted
User name:root
---------------------------------------------
Process ID:503
Process Name:distnoted
User name:_cmiodalassistants
---------------------------------------------
Process ID:552
Process Name:distnoted
User name:_audiomxd
---------------------------------------------
Process ID:560
Process Name:distnoted
User name:_locationd
---------------------------------------------
Process ID:570
Process Name:distnoted
User name:_softwareupdate
---------------------------------------------
Process ID:579
Process Name:Google Chrome Helper (Renderer)
User name:vipulbhagwat
---------------------------------------------
Process ID:585
Process Name:distnoted
User name:_nsurlsessiond
---------------------------------------------
Process ID:589
Process Name:distnoted
User name:_spotlight
---------------------------------------------
Process ID:601
Process Name:distnoted
User name:vipulbhagwat
---------------------------------------------
Process ID:606
Process Name:cfprefsd
User name:vipulbhagwat
---------------------------------------------
Process ID:616
Process Name:lsd
User name:vipulbhagwat
---------------------------------------------
Process ID:622
Process Name:secd
User name:vipulbhagwat
---------------------------------------------
Process ID:626
Process Name:trustd
User name:vipulbhagwat
---------------------------------------------
Process ID:633
Process Name:UserEventAgent
User name:vipulbhagwat
---------------------------------------------
Process ID:641
Process Name:universalaccessd
User name:vipulbhagwat
---------------------------------------------
Process ID:642
Process Name:pboard
User name:vipulbhagwat
---------------------------------------------
Process ID:643
Process Name:containermanagerd
User name:vipulbhagwat
---------------------------------------------
Process ID:644
Process Name:WindowManager
User name:vipulbhagwat
---------------------------------------------
Process ID:646
Process Name:BiomeAgent
User name:vipulbhagwat
---------------------------------------------
Process ID:650
Process Name:distnoted
User name:_appleevents
---------------------------------------------
Process ID:659
Process Name:nsurlsessiond
User name:vipulbhagwat
---------------------------------------------
Process ID:660
Process Name:rapportd
User name:vipulbhagwat
---------------------------------------------
Process ID:661
Process Name:usernoted
User name:vipulbhagwat
---------------------------------------------
Process ID:664
Process Name:usernotificationsd
User name:vipulbhagwat
---------------------------------------------
Process ID:665
Process Name:lockoutagent
User name:vipulbhagwat
---------------------------------------------
Process ID:668
Process Name:ScreenTimeAgent
User name:vipulbhagwat
---------------------------------------------
Process ID:671
Process Name:accountsd
User name:vipulbhagwat
---------------------------------------------
Process ID:672
Process Name:identityservicesd
User name:vipulbhagwat
---------------------------------------------
Process ID:674
Process Name:Google Chrome
User name:vipulbhagwat
---------------------------------------------
Process ID:679
Process Name:coreauthd
User name:vipulbhagwat
---------------------------------------------
Process ID:681
Process Name:sharingd
User name:vipulbhagwat
---------------------------------------------
Process ID:690
Process Name:Dock
User name:vipulbhagwat
---------------------------------------------
Process ID:692
Process Name:ControlCenter
User name:vipulbhagwat
---------------------------------------------
Process ID:694
Process Name:fontd
User name:vipulbhagwat
---------------------------------------------
Process ID:695
Process Name:SystemUIServer
User name:vipulbhagwat
---------------------------------------------
Process ID:697
Process Name:Finder
User name:vipulbhagwat
---------------------------------------------
Process ID:700
Process Name:AccessibilityUIServer
User name:vipulbhagwat
---------------------------------------------
Process ID:701
Process Name:fontworker
User name:vipulbhagwat
---------------------------------------------
Process ID:703
Process Name:WallpaperAgent
User name:vipulbhagwat
---------------------------------------------
Process ID:709
Process Name:ViewBridgeAuxiliary
User name:vipulbhagwat
---------------------------------------------
Process ID:711
Process Name:sharedfilelistd
User name:vipulbhagwat
---------------------------------------------
Process ID:715
Process Name:fileproviderd
User name:vipulbhagwat
---------------------------------------------
Process ID:717
Process Name:AMPDeviceDiscoveryAgent
User name:vipulbhagwat
---------------------------------------------
Process ID:718
Process Name:ContinuityCaptureAgent
User name:vipulbhagwat
---------------------------------------------
Process ID:740
Process Name:corespotlightd
User name:vipulbhagwat
---------------------------------------------
Process ID:743
Process Name:NotificationCenter
User name:vipulbhagwat
---------------------------------------------
Process ID:747
Process Name:familycircled
User name:vipulbhagwat
---------------------------------------------
Process ID:748
Process Name:StatusKitAgent
User name:vipulbhagwat
---------------------------------------------
Process ID:749
Process Name:akd
User name:vipulbhagwat
---------------------------------------------
Process ID:751
Process Name:useractivityd
User name:vipulbhagwat
---------------------------------------------
Process ID:755
Process Name:distnoted
User name:_modelmanagerd
---------------------------------------------
Process ID:756
Process Name:imagent
User name:vipulbhagwat
---------------------------------------------
Process ID:761
Process Name:WiFiAgent
User name:vipulbhagwat
---------------------------------------------
Process ID:780
Process Name:mediaremoteagent
User name:vipulbhagwat
---------------------------------------------
Process ID:783
Process Name:avconferenced
User name:vipulbhagwat
---------------------------------------------
Process ID:790
Process Name:Spotlight
User name:vipulbhagwat
---------------------------------------------
Process ID:801
Process Name:imklaunchagent
User name:vipulbhagwat
---------------------------------------------
Process ID:804
Process Name:CursorUIViewService
User name:vipulbhagwat
---------------------------------------------
Process ID:809
Process Name:chrome_crashpad_handler
User name:vipulbhagwat
---------------------------------------------
Process ID:814
Process Name:commerce
User name:vipulbhagwat
---------------------------------------------
Process ID:861
Process Name:distnoted
User name:_installcoordinationd
---------------------------------------------
Process ID:863
Process Name:Google Chrome Helper
User name:vipulbhagwat
---------------------------------------------
Process ID:864
Process Name:Google Chrome Helper
User name:vipulbhagwat
---------------------------------------------
Process ID:871
Process Name:Google Chrome Helper
User name:vipulbhagwat
---------------------------------------------
Process ID:883
Process Name:diagnostics_agent
User name:vipulbhagwat
---------------------------------------------
Process ID:892
Process Name:distnoted
User name:_accessoryupdater
---------------------------------------------
Process ID:966
Process Name:mdbulkimport
User name:vipulbhagwat
---------------------------------------------
Process ID:968
Process Name:Google Chrome Helper (Renderer)
User name:vipulbhagwat
---------------------------------------------
Process ID:984
Process Name:distnoted
User name:_gamecontrollerd
---------------------------------------------
Process ID:995
Process Name:distnoted
User name:_applepay
---------------------------------------------
Process ID:997
Process Name:mongod
User name:vipulbhagwat
---------------------------------------------
Process ID:999
Process Name:corespeechd
User name:vipulbhagwat
---------------------------------------------
Process ID:1008
Process Name:icdd
User name:vipulbhagwat
---------------------------------------------
Process ID:1013
Process Name:AirPlayUIAgent
User name:vipulbhagwat
---------------------------------------------
Process ID:1015
Process Name:TextInputMenuAgent
User name:vipulbhagwat
---------------------------------------------
Process ID:1024
Process Name:ctkahp
User name:vipulbhagwat
---------------------------------------------
Process ID:1040
Process Name:Creative Cloud Content Manager.node
User name:vipulbhagwat
---------------------------------------------
Process ID:1044
Process Name:AdobeIPCBroker
User name:vipulbhagwat
---------------------------------------------
Process ID:1086
Process Name:systemstats
User name:root
---------------------------------------------
Process ID:1159
Process Name:Google Chrome Helper (Renderer)
User name:vipulbhagwat
---------------------------------------------
Process ID:1160
Process Name:Google Chrome Helper (Renderer)
User name:vipulbhagwat
---------------------------------------------
Process ID:1175
Process Name:Google Chrome Helper
User name:vipulbhagwat
---------------------------------------------
Process ID:1176
Process Name:Google Chrome Helper
User name:vipulbhagwat
---------------------------------------------
Process ID:1214
Process Name:spotlightknowledged
User name:vipulbhagwat
---------------------------------------------
Process ID:1215
Process Name:duetexpertd
User name:vipulbhagwat
---------------------------------------------
Process ID:1226
Process Name:mdwrite
User name:vipulbhagwat
---------------------------------------------
Process ID:1308
Process Name:Google Chrome Helper (Renderer)
User name:vipulbhagwat
---------------------------------------------
Process ID:1312
Process Name:Google Chrome Helper (Renderer)
User name:vipulbhagwat
---------------------------------------------
Process ID:1322
Process Name:distnoted
User name:_rmd
---------------------------------------------
Process ID:1548
Process Name:UserNotificationCenter
User name:vipulbhagwat
---------------------------------------------
Process ID:1562
Process Name:PasswordBreachAgent
User name:vipulbhagwat
---------------------------------------------
Process ID:1577
Process Name:DiskUnmountWatcher
User name:vipulbhagwat
---------------------------------------------
Process ID:1662
Process Name:managedappdistributionagent
User name:vipulbhagwat
---------------------------------------------
Process ID:1712
Process Name:Google Chrome Helper (Renderer)
User name:vipulbhagwat
---------------------------------------------
Process ID:2014
Process Name:IMAutomaticHistoryDeletionAgent
User name:vipulbhagwat
---------------------------------------------
Process ID:2137
Process Name:com.apple.hiservices-xpcservice
User name:vipulbhagwat
---------------------------------------------
Process ID:2202
Process Name:chronod
User name:vipulbhagwat
---------------------------------------------
Process ID:2215
Process Name:Siri
User name:vipulbhagwat
---------------------------------------------
Process ID:2227
Process Name:cloudd
User name:vipulbhagwat
---------------------------------------------
Process ID:2231
Process Name:talagentd
User name:vipulbhagwat
---------------------------------------------
Process ID:2271
Process Name:containermanager
User name:_cmiodalassistants
---------------------------------------------
Process ID:2272
Process Name:containermanager
User name:_locationd
---------------------------------------------
Process ID:2274
Process Name:containermanager
User name:root
---------------------------------------------
Process ID:2332
Process Name:spotlightknowledged
User name:vipulbhagwat
---------------------------------------------
Process ID:2346
Process Name:linkd
User name:vipulbhagwat
---------------------------------------------
Process ID:2351
Process Name:routined
User name:vipulbhagwat
---------------------------------------------
Process ID:2356
Process Name:callservicesd
User name:vipulbhagwat
---------------------------------------------
Process ID:2357
Process Name:syncdefaultsd
User name:vipulbhagwat
---------------------------------------------
Process ID:2378
Process Name:contentlinkingd
User name:vipulbhagwat
---------------------------------------------
Process ID:2383
Process Name:cdpd
User name:vipulbhagwat
---------------------------------------------
Process ID:2394
Process Name:CoreLocationAgent
User name:vipulbhagwat
---------------------------------------------
Process ID:2399
Process Name:replayd
User name:vipulbhagwat
---------------------------------------------
Process ID:2400
Process Name:Keychain Circle Notification
User name:vipulbhagwat
---------------------------------------------
Process ID:2403
Process Name:gamecontrolleragentd
User name:vipulbhagwat
---------------------------------------------
Process ID:2404
Process Name:businessservicesd
User name:vipulbhagwat
---------------------------------------------
Process ID:2406
Process Name:feedbackd
User name:vipulbhagwat
---------------------------------------------
Process ID:2408
Process Name:CommCenter
User name:vipulbhagwat
---------------------------------------------
Process ID:2409
Process Name:audioaccessoryd
User name:vipulbhagwat
---------------------------------------------
Process ID:2411
Process Name:tccd
User name:vipulbhagwat
---------------------------------------------
Process ID:2413
Process Name:neagent
User name:vipulbhagwat
---------------------------------------------
Process ID:2416
Process Name:Python
User name:vipulbhagwat
---------------------------------------------
Process ID:2430
Process Name:Java Updater
User name:vipulbhagwat
---------------------------------------------
Process ID:2715
Process Name:PowerChime
User name:vipulbhagwat
---------------------------------------------
Process ID:3165
Process Name:mbuseragent
User name:vipulbhagwat
---------------------------------------------
Process ID:4949
Process Name:ChituManager
User name:vipulbhagwat
---------------------------------------------
Process ID:4953
Process Name:QtWebEngineProcess
User name:vipulbhagwat
---------------------------------------------
Process ID:4954
Process Name:QtWebEngineProcess
User name:vipulbhagwat
---------------------------------------------
Process ID:4983
Process Name:QtWebEngineProcess
User name:vipulbhagwat
---------------------------------------------
Process ID:4984
Process Name:QtWebEngineProcess
User name:vipulbhagwat
---------------------------------------------
Process ID:5562
Process Name:passd
User name:vipulbhagwat
---------------------------------------------
Process ID:5595
Process Name:SimLaunchHost.arm64
User name:vipulbhagwat
---------------------------------------------
Process ID:8562
Process Name:distnoted
User name:_neuralengine
---------------------------------------------
Process ID:9873
Process Name:axassetsd
User name:vipulbhagwat
---------------------------------------------
Process ID:10602
Process Name:tipsd
User name:vipulbhagwat
---------------------------------------------
Process ID:12622
Process Name:Google Chrome Helper (Renderer)
User name:vipulbhagwat
---------------------------------------------
Process ID:12623
Process Name:Google Chrome Helper (Renderer)
User name:vipulbhagwat
---------------------------------------------
Process ID:13262
Process Name:coreautha
User name:vipulbhagwat
---------------------------------------------
Process ID:13445
Process Name:SoftwareUpdateNotificationManager
User name:vipulbhagwat
---------------------------------------------
Process ID:18788
Process Name:Google Chrome Helper (Renderer)
User name:vipulbhagwat
---------------------------------------------
Process ID:20073
Process Name:Terminal
User name:vipulbhagwat
---------------------------------------------
Process ID:20301
Process Name:Electron
User name:vipulbhagwat
---------------------------------------------
Process ID:20304
Process Name:chrome_crashpad_handler
User name:vipulbhagwat
---------------------------------------------
Process ID:20305
Process Name:Code Helper (GPU)
User name:vipulbhagwat
---------------------------------------------
Process ID:20306
Process Name:Code Helper
User name:vipulbhagwat
---------------------------------------------
Process ID:20319
Process Name:Code Helper
User name:vipulbhagwat
---------------------------------------------
Process ID:20353
Process Name:Code Helper
User name:vipulbhagwat
---------------------------------------------
Process ID:20387
Process Name:ShipIt
User name:vipulbhagwat
---------------------------------------------
Process ID:27304
Process Name:Google Chrome Helper (Renderer)
User name:vipulbhagwat
---------------------------------------------
Process ID:32716
Process Name:Google Chrome Helper (Renderer)
User name:vipulbhagwat
---------------------------------------------
Process ID:34359
Process Name:Google Chrome Helper (Renderer)
User name:vipulbhagwat
---------------------------------------------
Process ID:36864
Process Name:amsaccountsd
User name:vipulbhagwat
---------------------------------------------
Process ID:39379
Process Name:Google Chrome Helper (Renderer)
User name:vipulbhagwat
---------------------------------------------
Process ID:42932
Process Name:mapssyncd
User name:vipulbhagwat
---------------------------------------------
Process ID:45172
Process Name:Google Chrome Helper (Renderer)
User name:vipulbhagwat
---------------------------------------------
Process ID:49226
Process Name:Google Chrome Helper (Renderer)
User name:vipulbhagwat
---------------------------------------------
Process ID:50589
Process Name:CHITUBOX
User name:vipulbhagwat
---------------------------------------------
Process ID:50624
Process Name:QtWebEngineProcess
User name:vipulbhagwat
---------------------------------------------
Process ID:70232
Process Name:Google Chrome Helper (Renderer)
User name:vipulbhagwat
---------------------------------------------
Process ID:73396
Process Name:Google Chrome Helper (Renderer)
User name:vipulbhagwat
---------------------------------------------
Process ID:73443
Process Name:Google Chrome Helper (Renderer)
User name:vipulbhagwat
---------------------------------------------
Process ID:73717
Process Name:distnoted
User name:_assetcache
---------------------------------------------
Process ID:73718
Process Name:mdbulkimport
User name:_assetcache
---------------------------------------------
Process ID:76511
Process Name:Google Chrome Helper (Renderer)
User name:vipulbhagwat
---------------------------------------------
Process ID:76667
Process Name:siriactionsd
User name:vipulbhagwat
---------------------------------------------
Process ID:80993
Process Name:Code Helper (Renderer)
User name:vipulbhagwat
---------------------------------------------
Process ID:81059
Process Name:Code Helper (Plugin)
User name:vipulbhagwat
---------------------------------------------
Process ID:81060
Process Name:Code Helper
User name:vipulbhagwat
---------------------------------------------
Process ID:81076
Process Name:pet
User name:vipulbhagwat
---------------------------------------------
Process ID:81084
Process Name:Code Helper (Plugin)
User name:vipulbhagwat
---------------------------------------------
Process ID:82783
Process Name:Python
User name:vipulbhagwat
---------------------------------------------
Process ID:85575
Process Name:QtWebEngineProcess
User name:vipulbhagwat
---------------------------------------------
Process ID:87050
Process Name:Google Chrome Helper (Renderer)
User name:vipulbhagwat
---------------------------------------------
Process ID:97844
Process Name:zsh
User name:vipulbhagwat
---------------------------------------------
Process ID:98231
Process Name:milod
User name:vipulbhagwat
---------------------------------------------
Process ID:99319
Process Name:ContextStoreAgent
User name:vipulbhagwat
---------------------------------------------
Process ID:99583
Process Name:Google Chrome Helper (Renderer)
User name:vipulbhagwat
---------------------------------------------
Process ID:99584
Process Name:Google Chrome Helper (Renderer)
User name:vipulbhagwat
---------------------------------------------
Process ID:99585
Process Name:Google Chrome Helper (Renderer)
User name:vipulbhagwat
---------------------------------------------
